\unset ECHO
t
t
t
t
t
t
t
t
t
t
t
t
t
t
t
www-authenticate|Basic realm="Fake Realm"
access-control-allow-origin|*
access-control-allow-credentials|true
content-type|application/json
access-control-allow-origin|*
access-control-allow-credentials|true
content-type|application/json
access-control-allow-origin|*
access-control-allow-credentials|true

{"user": "username", "authenticated": true}
{"token": "token", "authenticated": true}
0|No error|
0|No error|
0|No error|
