\unset ECHO
t
t
t
t
t
www-authenticate|Basic realm="Fake Realm"
access-control-allow-origin|*
access-control-allow-credentials|true

0|No error|
t
t
t
t
t
content-type|application/json
access-control-allow-origin|*
access-control-allow-credentials|true
{"user": "username", "authenticated": true}
0|No error|
t
t
t
t
content-type|application/json
access-control-allow-origin|*
access-control-allow-credentials|true
{"token": "token", "authenticated": true}
0|No error|
