\unset ECHO
t
t
ERROR:  canceling statement due to statement timeout
