\unset ECHO
t
t
ERROR:  Operation was aborted by an application callback
DETAIL:  Callback aborted
